Program (1)
  ExtDefList (1)
    ExtDef (1)
      Specifier (1)
        TYPE: int
      FunDec (1)
        ID: test_12011327_4
        LP: (
        RP: )
      CompSt (2)
        LC: {
        DefList (3)
          Def (3)
            Specifier (3)
              TYPE: int
            DecList (3)
              Dec (3)
                VarDec (3)
                  ID: a
                ASSIGN: =
                Exp (3)
                  INT: 0xFFF
            SEMI: ;
          DefList (4)
            Def (4)
              Specifier (4)
                TYPE: int
              DecList (4)
                Dec (4)
                  VarDec (4)
                    ID: b
                  ASSIGN: =
                  Exp (4)
                    INT: 123
              SEMI: ;
        StmtList (5)
          Stmt (5)
            RETURN: return
            Exp (5)
              Exp (5)
                ID: a
              MINUS: -
              Exp (5)
                ID: b
            SEMI: ;
        RC: }