Program (1)
  ExtDefList (1)
    ExtDef (1)
      Specifier (1)
        TYPE: int
      ExtDecList (1)
        VarDec (1)
          ID: int_global
      SEMI: ;
    ExtDefList (2)
      ExtDef (2)
        Specifier (2)
          TYPE: float
        ExtDecList (2)
          VarDec (2)
            ID: float_global
        SEMI: ;
      ExtDefList (3)
        ExtDef (3)
          Specifier (3)
            TYPE: char
          ExtDecList (3)
            VarDec (3)
              ID: char_global
          SEMI: ;
        ExtDefList (4)
          ExtDef (4)
            Specifier (4)
              StructSpecifier (4)
                STRUCT: struct
                ID: my_struct1
                LC: {
                DefList (6)
                  Def (6)
                    Specifier (6)
                      TYPE: int
                    DecList (6)
                      Dec (6)
                        VarDec (6)
                          ID: code
                    SEMI: ;
                  DefList (7)
                    Def (7)
                      Specifier (7)
                        TYPE: char
                      DecList (7)
                        Dec (7)
                          VarDec (7)
                            ID: data
                      SEMI: ;
                    DefList (8)
                      Def (8)
                        Specifier (8)
                          TYPE: float
                        DecList (8)
                          Dec (8)
                            VarDec (8)
                              ID: money
                        SEMI: ;
                RC: }
            SEMI: ;
          ExtDefList (10)
            ExtDef (10)
              Specifier (10)
                StructSpecifier (10)
                  STRUCT: struct
                  ID: my_struct2
                  LC: {
                  DefList (12)
                    Def (12)
                      Specifier (12)
                        StructSpecifier (12)
                          STRUCT: struct
                          ID: my_struct1
                      DecList (12)
                        Dec (12)
                          VarDec (12)
                            ID: a
                      SEMI: ;
                    DefList (13)
                      Def (13)
                        Specifier (13)
                          StructSpecifier (13)
                            STRUCT: struct
                            ID: my_struct1
                        DecList (13)
                          Dec (13)
                            VarDec (13)
                              ID: b
                        SEMI: ;
                  RC: }
              ExtDecList (14)
                VarDec (14)
                  ID: name2s
              SEMI: ;
            ExtDefList (15)
              ExtDef (15)
                Specifier (15)
                  StructSpecifier (15)
                    STRUCT: struct
                    ID: my_struct3
                    LC: {
                    DefList (17)
                      Def (17)
                        Specifier (17)
                          StructSpecifier (17)
                            STRUCT: struct
                            ID: my_struct2
                        DecList (17)
                          Dec (17)
                            VarDec (17)
                              ID: c
                        SEMI: ;
                      DefList (18)
                        Def (18)
                          Specifier (18)
                            StructSpecifier (18)
                              STRUCT: struct
                              ID: my_struct2
                          DecList (18)
                            Dec (18)
                              VarDec (18)
                                ID: d
                          SEMI: ;
                    RC: }
                ExtDecList (19)
                  VarDec (19)
                    ID: name3s
                SEMI: ;
              ExtDefList (20)
                ExtDef (20)
                  Specifier (20)
                    StructSpecifier (20)
                      STRUCT: struct
                      ID: my_struct4
                      LC: {
                      DefList (22)
                        Def (22)
                          Specifier (22)
                            StructSpecifier (22)
                              STRUCT: struct
                              ID: my_struct3
                          DecList (22)
                            Dec (22)
                              VarDec (22)
                                ID: e
                          SEMI: ;
                        DefList (23)
                          Def (23)
                            Specifier (23)
                              StructSpecifier (23)
                                STRUCT: struct
                                ID: my_struct3
                            DecList (23)
                              Dec (23)
                                VarDec (23)
                                  ID: f
                            SEMI: ;
                      RC: }
                  ExtDecList (24)
                    VarDec (24)
                      ID: name4
                  SEMI: ;